SCANNER — Target: https://example.com

Starting full scan...
  • Resolving hostname...
  • Resolved: example.com -> 104.20.23.154
  • DNS: enumerating records...
  • Traceroute: tracing...
  • SSL/TLS: scanning...
  • HTTP: analyzing...
  • Directories: busting...
  • Tech: detecting...
  • GeoIP: looking up...
  • Subdomains: discovering...
  • Email: checking mail config...
  • Port scan: scanning top 1000 ports...
  • WHOIS: looking up...
  • Traceroute: 1 hops
  • Tech: 2 technologies
  • HTTP: status 200, server: cloudflare
  • GeoIP: Canada, Cloudflare, Inc.
  • SSL/TLS: valid, 4 protocols
  • DNS: 5 record types
  • WHOIS: //pagead2.googlesyndication.com/pagead/js/adsbygoogle.js?client=ca-pub-6047099707314605" as="script" crossorigin=""/><meta name="next-size-adjust" content=""/><title>example.com WHOIS Domain Name Lookup - Who.is</title><meta name="description" content="WHOIS lookup for example.com. Find domain name registration, ownership, and technical information."/><meta name="keywords" content="whois lookup,domain search,rdap lookup,dns lookup,domain information,ip lookup,domain availability,domain registration data,domain name"/><link rel="icon" href="/favicon.ico" type="image/x-icon" sizes="48x48"/><script src="/_next/static/chunks/polyfills-42372ed130431b0a.js" noModule=""></script></head><body class="__className_f367f3"><div hidden=""><!--$--><!--/$--></div><div class="min-h-screen flex flex-col"><header class="bg-white shadow"><nav class="mx-auto max-w-7xl px-4 sm:px-6 lg:px-8"><div class="flex flex-wrap h-auto min-h-16 py-2 justify-between items-center"><div class="flex-shrink-0 mr-4"><a href="/"><img alt="who.is" width="120" height="50" decoding="async" data-nimg="1" style="color:transparent" src="/whois-logo-new.svg"/></a></div><div class="flex flex-wrap gap-4"><a class="inline-flex items-center px-1 pt-1 text-sm font-medium border-b-2 text-gray-900 border-blue-500" href="/whois">WHOIS</a><a class="inline-flex items-center px-1 pt-1 text-sm font-medium border-b-2 text-gray-500 border-transparent hover:text-gray-700 hover:border-gray-300" href="/rdap">RDAP</a><a class="inline-flex items-center px-1 pt-1 text-sm font-medium border-b-2 text-gray-500 border-transparent hover:text-gray-700 hover:border-gray-300" href="/dns">DNS</a><a class="inline-flex items-center px-1 pt-1 text-sm font-medium border-b-2 text-gray-500 border-transparent hover:text-gray-700 hover:border-gray-300" href="/uptime">Uptime</a><a class="inline-flex items-center px-1 pt-1 text-sm font-medium border-b-2 text-gray-500 border-transparent hover:text-gray-700 hover:border-gray-300" href="/domains/events">Domain Events</a><a class="inline-flex items-center px-1 pt-1 text-sm font-medium border-b-2 text-gray-500 border-transparent hover:text-gray-700 hover:border-gray-300" href="/website-monitoring">Website Monitoring</a><a class="inline-flex items-center px-1 pt-1 text-sm font-medium border-b-2 text-gray-500 border-transparent hover:text-gray-700 hover:border-gray-300" href="#">Login</a></div></div></nav></header><main class="flex-grow"><div class="container mx-auto px-4 py-2 max-w-4xl"><div class="bg-background"><div class="mx-auto max-w-7xl px-4 py-4 sm:px-6 sm:py-4 lg:px-8"><div class="text-center"><h1 class="text-4xl font-bold tracking-tight text-foreground sm:text-5xl">WHOIS Domain Lookup</h1><p class="mx-auto mt-3 max-w-md text-base text-gray-600 sm:text-lg md:mt-5 md:max-w-3xl md:text-xl">Look up registration details, contacts, and nameservers for any domain name</p><form class="mt-8 sm:mx-auto sm:max-w-lg"><div class="flex flex-col sm:flex-row gap-3"><div class="flex-1"><label for="search" class="sr-only">Enter a domain name...</label><input id="search" type="text" class="block w-full rounded-md border border-gray-300 px-4 py-3 text-base placeholder-gray-500 focus:border-blue-600 focus:ring-blue-600 h-12" placeholder="Enter a domain name..." value=""/></div><button type="submit" class="btn btn-primary h-12 px-8 whitespace-nowrap">Search</button></div></form></div></div></div><div class="bg-gray-50 rounded-lg shadow-sm p-6 mb-4 border border-gray-200"><h1 class="text-3xl font-bold break-words mb-2">example.com</h1><p class="text-gray-600 mb-2">WHOIS Information</p><p class="text-gray-600 mb-2">IP Address:<!-- --> <a class="text-blue-600 hover:underline" href="/whois-ip/ip-address/172.66.147.243">172.66.147.243</a></p><div class="flex flex-wrap gap-2"><a class="btn btn-primary" href="/whois/example.com">Whois</a><a class="btn btn-secondary" href="/rdap/example.com">RDAP</a><a class="btn btn-secondary" href="/dns/example.com">DNS Records</a><a class="btn btn-secondary" href="/uptime/example.com">Uptime</a><a class="btn btn-secondary" href="/tools/example.com">Diagnostics</a><a class="btn btn-secondary" href="/history/example.com">History</a><a class="bg-green-600 text-white hover:bg-green-700 px-4 py-2 rounded-md font-medium transition-colors flex items-center gap-1" href="/privacy/example.com"><svg xmlns="http://www.w3.org/2000/svg" viewBox="0 0 20 20" fill="currentColor" class="w-4 h-4"><path fill-rule="evenodd" d="M10 1a4.5 4.5 0 00-4.5 4.5V9H5a2 2 0 00-2 2v6a2 2 0 002 2h10a2 2 0 002-2v-6a2 2 0 00-2-2h-.5V5.5A4.5 4.5 0 0010 1zm3 8V5.5a3 3 0 10-6 0V9h6z" clip-rule="evenodd"></path></svg>Hide Contact Info</a><div class="flex flex-col items-end gap-1"><button class="btn btn-secondary disabled:opacity-50">Refresh Data</button></div></div></div><div class="ad-placement my-6"><div class="ad-container " style="display:block"><ins class="adsbygoogle" style="display:block" data-ad-client="ca-pub-6047099707314605" data-ad-slot="6652256330" data-ad-format="horizontal" data-full-width-responsive="true"></ins></div></div><div class="bg-blue-50 border border-blue-200 rounded-lg p-4 mb-4"><p class="text-sm text-blue-800">The domain <span class="font-medium">example.com</span> is registered. You can still try to buy it<!-- --> <a href="https://domainagents.com/example.com-whodotis" class="text-blue-600 hover:underline font-medium" target="_blank" rel="nofollow noopener noreferrer">here</a>.</p></div><div class="space-y-6"><div class="bg-gray-50 rounded-lg shadow-sm p-6 border border-gray-200"><h2 class="text-xl font-semibold mb-4">Registrar Information</h2><dl class="grid grid-cols-1 md:grid-cols-2 gap-4"><div><dt class="text-gray-600">Registrar</dt><dd class="font-medium">RESERVED-Internet Assigned Numbers Authority</dd></div><div><dt class="text-gray-600">WHOIS Server</dt><dd class="font-medium">whois.iana.org</dd></div><div><dt class="text-gray-600">Referral URL</dt><dd class="font-medium"><a class="text-blue-600 hover:underline" target="_blank" rel="noopener noreferrer" href="http://res-dom.iana.org">http://res-dom.iana.org</a></dd></div></dl></div><div class="bg-gray-50 rounded-lg shadow-sm p-6 border border-gray-200"><h2 class="text-xl font-semibold mb-4">Important Dates</h2><dl class="grid grid-cols-1 md:grid-cols-2 gap-4"><div><dt class="text-gray-600">Created</dt><dd class="font-medium"><time dateTime="1995-08-14T04:00:00.000Z">August 14, 1995</time></dd></div><div><dt class="text-gray-600">Updated</dt><dd class="font-medium"><time dateTime="2026-01-16T18:26:50.000Z">January 16, 2026</time></dd></div><div><dt class="text-gray-600">Expires</dt><dd class="font-medium"><time dateTime="2026-08-13T04:00:00.000Z">August 13, 2026</time></dd></div></dl><p class="mt-4 text-xs text-gray-400">WHOIS data last fetched<!-- --> <time dateTime="2026-06-07T18:51:59.139Z">June 7, 2026</time></p></div><div class="bg-gray-50 rounded-lg shadow-sm p-6 border border-gray-200"><h2 class="text-xl font-semibold mb-4">Nameservers</h2><div class="overflow-x-auto"><table class="min-w-full"><thead><tr class="border-b border-gray-200"><th class="text-left py-2 px-4 text-gray-600">Hostname</th><th class="text-left py-2 px-4 text-gray-600">IP Address</th></tr></thead><tbody><tr class="border-b border-gray-100"><td class="py-2 px-4"><a class="text-blue-600 hover:underline" href="/nameserver/elliott.ns.cloudflare.com">elliott.ns.cloudflare.com</a></td><td class="py-2 px-4"><a class="text-blue-600 hover:underline" href="/whois-ip/ip-address/108.162.195.228">108.162.195.228</a></td></tr><tr class="border-b border-gray-100"><td class="py-2 px-4"><a class="text-blue-600 hover:underline" href="/nameserver/hera.ns.cloudflare.com">hera.ns.cloudflare.com</a></td><td class="py-2 px-4"><a class="text-blue-600 hover:underline" href="/whois-ip/ip-address/108.162.192.162">108.162.192.162</a></td></tr></tbody></table></div></div><div class="bg-gray-50 rounded-lg shadow-sm p-6 border border-gray-200"><h2 class="text-xl font-semibold mb-4">Domain Status</h2><div class="overflow-x-auto"><ul class="space-y-2"><li class="text-sm p-2 rounded text-gray-700">clientDeleteProhibited https://icann.org/epp#clientDeleteProhibited</li><li class="text-sm p-2 rounded text-gray-700">clientTransferProhibited https://icann.org/epp#clientTransferProhibited</li><li class="text-sm p-2 rounded text-gray-700">clientUpdateProhibited https://icann.org/epp#clientUpdateProhibited</li></ul></div></div><div class="ad-placement my-6"><div class="ad-container " style="display:block"><ins class="adsbygoogle" style="display:block" data-ad-client="ca-pub-6047099707314605" data-ad-slot="4844350649" data-ad-format="horizontal" data-full-width-responsive="true"></ins></div></div><div class="bg-gray-50 rounded-lg shadow-sm p-6 border border-gray-200"><h2 class="text-xl font-semibold mb-4">Similar Domains</h2><ul class="space-y-1.5"><li><a class="text-blue-600 hover:underline" href="/whois/examp1eb4nk.com">examp1eb4nk.com</a></li><li><a class="text-blue-600 hover:underline" href="/whois/examp1e.com">examp1e.com</a></li><li><a class="text-blue-600 hover:underline" href="/whois/examp1e.net">examp1e.net</a></li><li><a class="text-blue-600 hover:underline" href="/whois/exampace.com">exampace.com</a></li><li><a class="text-blue-600 hover:underline" href="/whois/exampackaging.fr">exampackaging.fr</a></li><li><a class="text-blue-600 hover:underline" href="/whois/exampa.com">exampa.com</a></li><li><a class="text-blue-600 hover:underline" href="/whois/exampacs.net">exampacs.net</a></li><li><a class="text-blue-600 hover:underline" href="/whois/exampaper.com">exampaper.com</a></li><li><a class="text-blue-600 hover:underline" href="/whois/exam-pass.com">exam-pass.com</a></li><li><a class="text-blue-600 hover:underline" href="/whois/exampass.com">exampass.com</a></li><li><a class="text-blue-600 hover:underline" href="/whois/exampasser.com">exampasser.com</a></li></ul></div><div class="bg-gray-50 rounded-lg shadow-sm p-6 border border-gray-200"><div class="flex justify-between items-center mb-4"><h2 class="text-xl font-semibold">Raw WHOIS Data</h2></div><p class="text-sm text-gray-500 mb-4">Raw WHOIS responses from registry and registrar servers.</p><div class="space-y-4"><div class="border border-gray-200 rounded-lg mt-4"><button class="w-full px-4 py-3 flex justify-between items-center bg-gray-50 hover:bg-gray-100 rounded-t-lg transition-colors"><span class="font-medium text-gray-900">Raw Registry WHOIS Data</span><svg xmlns="http://www.w3.org/2000/svg" viewBox="0 0 20 20" fill="currentColor" class="h-5 w-5 text-gray-500"><path fill-rule="evenodd" d="M5.23 7.21a.75.75 0 011.06.02L10 11.168l3.71-3.938a.75.75 0 111.08 1.04l-4.25 4.5a.75.75 0 01-1.08 0l-4.25-4.5a.75.75 0 01.02-1.06z" clip-rule="evenodd"></path></svg></button></div><div class="border border-gray-200 rounded-lg mt-4"><button class="w-full px-4 py-3 flex justify-between items-center bg-gray-50 hover:bg-gray-100 rounded-t-lg transition-colors"><span class="font-medium text-gray-900">Raw Registrar WHOIS Data</span><svg xmlns="http://www.w3.org/2000/svg" viewBox="0 0 20 20" fill="currentColor" class="h-5 w-5 text-gray-500"><path fill-rule="evenodd" d="M5.23 7.21a.75.75 0 011.06.02L10 11.168l3.71-3.938a.75.75 0 111.08 1.04l-4.25 4.5a.75.75 0 01-1.08 0l-4.25-4.5a.75.75 0 01.02-1.06z" clip-rule="evenodd"></path></svg></button></div></div></div><div class="ad-placement my-8"><div class="ad-container " style="display:block"><ins class="adsbygoogle" style="display:block" data-ad-client="ca-pub-6047099707314605" data-ad-slot="8386503230" data-ad-format="auto" data-full-width-responsive="true"></ins></div></div><div class="bg-gray-50 rounded-lg shadow-sm p-6 border border-gray-200 mt-6"><h2 class="text-xl font-semibold mb-4">About WHOIS</h2><div class="prose prose-sm text-gray-600"><p>WHOIS is a query and response protocol used for querying databases that store registered users of Internet resources, including domain names and IP addresses.</p><p>The protocol provides essential information about domain ownership, administrative contacts, and technical details that are invaluable for domain management and security purposes.</p></div></div></div></div><!--$--><!--/$--></main><footer class="bg-white"><div class="mx-auto max-w-7xl px-4 py-12 sm:px-6 lg:px-8"><div class="border-t border-gray-200 pt-8"><div class="flex justify-center space-x-6 mb-4"><a class="text-base text-gray-500 hover:text-gray-900" href="/overview">Overview</a><a class="text-base text-gray-500 hover:text-gray-900" href="/faq">FAQ</a><a class="text-base text-gray-500 hover:text-gray-900" href="/terms">Terms</a><a class="text-base text-gray-500 hover:text-gray-900" href="/contact">Contact</a></div><p class="text-base text-gray-400 text-center">© <!-- -->2026<!-- --> who.is All rights reserved.</p></div></div></footer></div><script src="/_next/static/chunks/webpack-67b9969ecfae5c91.js" id="_R_" async=""></script><script>(self.__next_f=self.__next_f||[]).push([0])</script><script>self.__next_f.push([1,"1:\"$Sreact.fragment\"\n2:I[69243,[\"9442\",\"static/chunks/app/(with-ads)/layout-6d5c74a96e3e0c60.js\"],\"\"]\n3:I[80848,[\"6874\",\"static/chunks/6874-414075bb21e16c80.js\",\"3063\",\"static/chunks/3063-1ee9e2c4135c2cb9.js\",\"7177\",\"static/chunks/app/layout-b32b9a46ec274ecb.js\"],\"SessionProvider\"]\n4:I[78342,[\"6874\",\"static/chunks/6874-414075bb21e16c80.js\",\"3063\",\"static/chunks/3063-1ee9e2c4135c2cb9.js\",\"7177\",\"static/chunks/app/layout-b32b9a46ec274ecb.js\"],\"default\"]\n5:I[87555,[],\"\"]\n6:I[31295,[],\"\"]\n7:I[32608,[\"6874\",\"static/chunks/6874-414075bb21e16c80.js\",\"3063\",\"static/chunks/3063-1ee9e2c4135c2cb9.js\",\"4131\",\"static/chunks/app/(with-ads)/whois/%5Bdomain%5D/page-3c5a275d6c14db6e.js\"],\"default\"]\n8:I[6874,[\"6874\",\"static/chunks/6874-414075bb21e16c80.js\",\"3063\",\"static/chunks/3063-1ee9e2c4135c2cb9.js\",\"4131\",\"static/chunks/app/(with-ads)/whois/%5Bdomain%5D/page-3c5a275d6c14db6e.js\"],\"\"]\nb:I[28393,[],\"\"]\nd:I[59665,[],\"OutletBoundary\"]\nf:I[74911,[],\"AsyncMetadataOutlet\"]\n11:I[59665,[],\"ViewportBoundary\"]\n13:I[59665,[],\"MetadataBoundary\"]\n14:\"$Sreact.suspense\"\n16:I[38175,[],\"IconMark\"]\n:HL[\"/_next/static/media/e4af272ccee01ff0-s.p.woff2\",\"font\",{\"crossOrigin\":\"\",\"type\":\"font/woff2\"}]\n:HL[\"/_next/static/css/4e60055f18e99507.css\",\"style\"]\n"])</script><script>self.__next_f.push([1,"0:{\"P\":null,\"b\":\"s4H-2ef4CKYOqdhxDdsx4\",\"p\":\"\",\"c\":[\"\",\"whois\",\"example.com\"],\"i\":false,\"f\":[[[\"\",{\"children\":[\"(with-ads)\",{\"children\":[\"whois\",{\"children\":[[\"domain\",\"example.com\",\"d\"],{\"children\":[\"__PAGE__\",{}]}]}]}]},\"$undefined\",\"$undefined\",true],[\"\",[\"$\",\"$1\",\"c\",{\"children\":[[[\"$\",\"link\",\"0\",{\"rel\":\"stylesheet\",\"href\":\"/_next/static/css/4e60055f18e99507.css\",\"precedence\":\"next\",\"crossOrigin\":\"$undefined\",\"nonce\":\"$undefined\"}]],[\"$\",\"html\",null,{\"lang\":\"en\",\"children\":[[\"$\",\"head\",null,{\"children\":[[\"$\",\"$L2\",null,{\"strategy\":\"lazyOnload\",\"src\":\"https://www.googletagmanager.com/gtag/js?id=G-CWQW525XNV\",\"async\":true}],[\"$\",\"$L2\",null,{\"id\":\"gtag-init\",\"strategy\":\"afterInteractive\",\"children\":\"\\n          window.dataLayer = window.dataLayer || [];\\n          function gtag(){dataLayer.push(arguments);}\\n          gtag('js', new Date());\\n          gtag('config', 'G-CWQW525XNV');\\n        \"}]]}],[\"$\",\"body\",null,{\"className\":\"__className_f367f3\",\"children\":[\"$\",\"$L3\",null,{\"children\":[\"$\",\"div\",null,{\"className\":\"min-h-screen flex flex-col\",\"children\":[[\"$\",\"$L4\",null,{}],[\"$\",\"main\",null,{\"className\":\"flex-grow\",\"children\":[\"$\",\"$L5\",null,{\"parallelRouterKey\":\"children\",\"error\":\"$undefined\",\"errorStyles\":\"$undefined\",\"errorScripts\":\"$undefined\",\"template\":[\"$\",\"$L6\",null,{}],\"templateStyles\":\"$undefined\",\"templateScripts\":\"$undefined\",\"notFound\":[[\"$\",\"div\",null,{\"className\":\"container mx-auto px-4 py-2 max-w-4xl\",\"children\":[[\"$\",\"$L7\",null,{\"type\":\"rdap\",\"title\":\"Page Not Found\",\"description\":\"The page you're looking for doesn't exist. Try searching for a domain below.\",\"placeholder\":\"Enter a domain name...\"}],[\"$\",\"div\",null,{\"className\":\"bg-red-50 border border-red-200 text-red-800 rounded-lg shadow-sm p-6 mt-6\",\"children\":[[\"$\",\"h2\",null,{\"className\":\"text-xl font-semibold mb-4\",\"children\":\"404 - Page Not Found\"}],[\"$\",\"p\",null,{\"className\":\"mb-4\",\"children\":\"Sorry, we couldn't find the page you were looking for. Here are some helpful links:\"}],[\"$\",\"ul\",null,{\"className\":\"list-disc list-inside space-y-2\",\"children\":[[\"$\",\"li\",null,{\"children\":[[\"$\",\"$L8\",null,{\"href\":\"/whois\",\"className\":\"text-blue-600 hover:underline\",\"children\":\"WHOIS Lookup\"}],\" \",\"- Look up domain registration information\"]}],[\"$\",\"li\",null,{\"children\":[[\"$\",\"$L8\",null,{\"href\":\"/dns\",\"className\":\"text-blue-600 hover:underline\",\"children\":\"DNS Lookup\"}],\" \",\"- Check DNS records for any domain\"]}],[\"$\",\"li\",null,{\"children\":[[\"$\",\"$L8\",null,{\"href\":\"/rdap\",\"className\":\"text-blue-600 hover:underline\",\"children\":\"RDAP Lookup\"}],\" \",\"- Modern domain registration data protocol\"]}],[\"$\",\"li\",null,{\"children\":[[\"$\",\"$L8\",null,{\"href\":\"/\",\"className\":\"text-blue-600 hover:underline\",\"children\":\"Home\"}],\" \",\"- Return to the homepage\"]}]]}]]}]]}],[]],\"forbidden\":\"$undefined\",\"unauthorized\":\"$undefined\"}]}],[\"$\",\"footer\",null,{\"className\":\"bg-white\",\"children\":[\"$\",\"div\",null,{\"className\":\"mx-auto max-w-7xl px-4 py-12 sm:px-6 lg:px-8\",\"children\":[\"$\",\"div\",null,{\"className\":\"border-t border-gray-200 pt-8\",\"children\":[[\"$\",\"div\",null,{\"className\":\"flex justify-center space-x-6 mb-4\",\"children\":[[\"$\",\"$L8\",null,{\"prefetch\":false,\"href\":\"/overview\",\"className\":\"text-base text-gray-500 hover:text-gray-900\",\"children\":\"Overview\"}],[\"$\",\"$L8\",null,{\"prefetch\":false,\"href\":\"/faq\",\"className\":\"text-base text-gray-500 hover:text-gray-900\",\"children\":\"FAQ\"}],[\"$\",\"$L8\",null,{\"prefetch\":false,\"href\":\"/terms\",\"className\":\"text-base text-gray-500 hover:text-gray-900\",\"children\":\"Terms\"}],[\"$\",\"$L8\",null,{\"prefetch\":false,\"href\":\"/contact\",\"className\":\"text-base text-gray-500 hover:text-gray-900\",\"children\":\"Contact\"}]]}],[\"$\",\"p\",null,{\"className\":\"text-base text-gray-400 text-center\",\"children\":[\"© \",2026,\" who.is All rights reserved.\"]}]]}]}]}]]}]}]}]]}]]}],{\"children\":[\"(with-ads)\",[\"$\",\"$1\",\"c\",{\"children\":[null,[[\"$\",\"$L2\",null,{\"strategy\":\"afterInteractive\",\"src\":\"https://pagead2.googlesyndication.com/pagead/js/adsbygoogle.js?client=ca-pub-6047099707314605\",\"crossOrigin\":\"anonymous\",\"async\":true}],[\"$\",\"$L5\",null,{\"parallelRouterKey\":\"children\",\"error\":\"$undefined\",\"errorStyles\":\"$undefined\",\"errorScripts\":\"$undefined\",\"template\":[\"$\",\"$L6\",null,{}],\"templateStyles\":\"$undefined\",\"templateScripts\":\"$undefined\",\"notFound\":\"$undefined\",\"forbidden\":\"$undefined\",\"unauthorized\":\"$undefined\"}]]]}],{\"children\":[\"whois\",[\"$\",\"$1\",\"c\",{\"children\":[null,[\"$\",\"$L5\",null,{\"parallelRouterKey\":\"children\",\"error\":\"$undefined\",\"errorStyles\":\"$undefined\",\"errorScripts\":\"$undefined\",\"template\":[\"$\",\"$L6\",null,{}],\"templateStyles\":\"$undefined\",\"templateScripts\":\"$undefined\",\"notFound\":\"$undefined\",\"forbidden\":\"$undefined\",\"unauthorized\":\"$undefined\"}]]}],{\"children\":[[\"domain\",\"example.com\",\"d\"],[\"$\",\"$1\",\"c\",{\"children\":[null,[\"$\",\"$L5\",null,{\"parallelRouterKey\":\"children\",\"error\":\"$undefined\",\"errorStyles\":\"$undefined\",\"errorScripts\":\"$undefined\",\"template\":[\"$\",\"$L6\",null,{}],\"templateStyles\":\"$undefined\",\"templateScripts\":\"$undefined\",\"notFound\":\"$undefined\",\"forbidden\":\"$undefined\",\"unauthorized\":\"$undefined\"}]]}],{\"children\":[\"__PAGE__\",\"$L9\",{},null,false]},null,false]},null,false]},null,false]},null,false],\"$La\",false]],\"m\":\"$undefined\",\"G\":[\"$b\",[]],\"s\":false,\"S\":false}\n"])</script><script>self.__next_f.push([1,"9:[\"$\",\"$1\",\"c\",{\"children\":[\"$Lc\",null,[\"$\",\"$Ld\",null,{\"children\":[\"$Le\",[\"$\",\"$Lf\",null,{\"promise\":\"$@10\"}]]}]]}]\na:[\"$\",\"$1\",\"h\",{\"children\":[null,[[\"$\",\"$L11\",null,{\"children\":\"$L12\"}],[\"$\",\"meta\",null,{\"name\":\"next-size-adjust\",\"content\":\"\"}]],[\"$\",\"$L13\",null,{\"children\":[\"$\",\"div\",null,{\"hidden\":true,\"children\":[\"$\",\"$14\",null,{\"fallback\":null,\"children\":\"$L15\"}]}]}]]}]\n12:[[\"$\",\"meta\",\"0\",{\"charSet\":\"utf-8\"}],[\"$\",\"meta\",\"1\",{\"name\":\"viewport\",\"content\":\"width=device-width, initial-scale=1\"}]]\ne:null\n10:{\"metadata\":[[\"$\",\"title\",\"0\",{\"children\":\"example.com WHOIS Domain Name Lookup - Who.is\"}],[\"$\",\"meta\",\"1\",{\"name\":\"description\",\"content\":\"WHOIS lookup for example.com. Find domain name registration, ownership, and technical information.\"}],[\"$\",\"meta\",\"2\",{\"name\":\"keywords\",\"content\":\"whois lookup,domain search,rdap lookup,dns lookup,domain information,ip lookup,domain availability,domain registration data,domain name\"}],[\"$\",\"link\",\"3\",{\"rel\":\"icon\",\"href\":\"/favicon.ico\",\"type\":\"image/x-icon\",\"sizes\":\"48x48\"}],[\"$\",\"$L16\",\"4\",{}]],\"error\":null,\"digest\":\"$undefined\"}\n15:\"$10:metadata\"\n"])</script><script>self.__next_f.push([1,"17:I[51910,[\"6874\",\"static/chunks/6874-414075bb21e16c80.js\",\"3063\",\"static/chunks/3063-1ee9e2c4135c2cb9.js\",\"4131\",\"static/chunks/app/(with-ads)/whois/%5Bdomain%5D/page-3c5a275d6c14db6e.js\"],\"RefreshButton\"]\n18:I[60929,[\"6874\",\"static/chunks/6874-414075bb21e16c80.js\",\"3063\",\"static/chunks/3063-1ee9e2c4135c2cb9.js\",\"4131\",\"static/chunks/app/(with-ads)/whois/%5Bdomain%5D/page-3c5a275d6c14db6e.js\"],\"AdPlacement\"]\n"])</script><script>self.__next_f.push([1,"c:[\"$\",\"div\",null,{\"className\":\"container mx-auto px-4 py-2 max-w-4xl\",\"children\":[[\"$\",\"$L7\",null,{\"type\":\"whois\",\"title\":\"WHOIS Domain Lookup\",\"description\":\"Look up registration details, contacts, and nameservers for any domain name\",\"placeholder\":\"Enter a domain name...\"}],[\"$\",\"div\",null,{\"className\":\"bg-gray-50 rounded-lg shadow-sm p-6 mb-4 border border-gray-200\",\"children\":[[\"$\",\"h1\",null,{\"className\":\"text-3xl font-bold break-words mb-2\",\"children\":\"example.com\"}],[\"$\",\"p\",null,{\"className\":\"text-gray-600 mb-2\",\"children\":\"WHOIS Information\"}],[\"$\",\"p\",null,{\"className\":\"text-gray-600 mb-2\",\"children\":[\"IP Address:\",\" \",[\"$\",\"$L8\",null,{\"href\":\"/whois-ip/ip-address/172.66.147.243\",\"prefetch\":false,\"className\":\"text-blue-600 hover:underline\",\"children\":\"172.66.147.243\"}]]}],[\"$\",\"div\",null,{\"className\":\"flex flex-wrap gap-2\",\"children\":[[[\"$\",\"$L8\",null,{\"prefetch\":false,\"href\":\"/whois/example.com\",\"className\":\"btn btn-primary\",\"children\":\"Whois\"}],[\"$\",\"$L8\",null,{\"prefetch\":false,\"href\":\"/rdap/example.com\",\"className\":\"btn btn-secondary\",\"children\":\"RDAP\"}],[\"$\",\"$L8\",null,{\"prefetch\":false,\"href\":\"/dns/example.com\",\"className\":\"btn btn-secondary\",\"children\":\"DNS Records\"}],[\"$\",\"$L8\",null,{\"prefetch\":false,\"href\":\"/uptime/example.com\",\"className\":\"btn btn-secondary\",\"children\":\"Uptime\"}],[\"$\",\"$L8\",null,{\"prefetch\":false,\"href\":\"/tools/example.com\",\"className\":\"btn btn-secondary\",\"children\":\"Diagnostics\"}],[\"$\",\"$L8\",null,{\"prefetch\":false,\"href\":\"/history/example.com\",\"className\":\"btn btn-secondary\",\"children\":\"History\"}],[\"$\",\"$L8\",null,{\"prefetch\":false,\"href\":\"/privacy/example.com\",\"className\":\"bg-green-600 text-white hover:bg-green-700 px-4 py-2 rounded-md font-medium transition-colors flex items-center gap-1\",\"children\":[[\"$\",\"svg\",null,{\"xmlns\":\"http://www.w3.org/2000/svg\",\"viewBox\":\"0 0 20 20\",\"fill\":\"currentColor\",\"className\":\"w-4 h-4\",\"children\":[\"$\",\"path\",null,{\"fillRule\":\"evenodd\",\"d\":\"M10 1a4.5 4.5 0 00-4.5 4.5V9H5a2 2 0 00-2 2v6a2 2 0 002 2h10a2 2 0 002-2v-6a2 2 0 00-2-2h-.5V5.5A4.5 4.5 0 0010 1zm3 8V5.5a3 3 0 10-6 0V9h6z\",\"clipRule\":\"evenodd\"}]}],\"Hide Contact Info\"]}]],[\"$\",\"$L17\",null,{\"domain\":\"example.com\",\"type\":\"whois\",\"token\":\"1781715733469.57ae464f20991bb3c43c3cbf9ae2f542a1f8f1cefa4d3cc9c9e750e4ec35175d\"}]]}]]}],[\"$\",\"$L18\",null,{\"slot\":\"top-banner-horizontal\",\"className\":\"my-6\"}],[\"$\",\"div\",null,{\"className\":\"bg-blue-50 border border-blue-200 rounded-lg p-4 mb-4\",\"children\":[\"$\",\"p\",null,{\"className\":\"text-sm text-blue-800\",\"children\":[\"The domain \",[\"$\",\"span\",null,{\"className\":\"font-medium\",\"children\":\"example.com\"}],\" is registered. You can still try to buy it\",\" \",[\"$\",\"a\",null,{\"href\":\"https://domainagents.com/example.com-whodotis\",\"className\":\"text-blue-600 hover:underline font-medium\",\"target\":\"_blank\",\"rel\":\"nofollow noopener noreferrer\",\"children\":\"here\"}],\".\"]}]}],[\"$\",\"div\",null,{\"className\":\"space-y-6\",\"children\":[false,[\"$\",\"div\",null,{\"className\":\"bg-gray-50 rounded-lg shadow-sm p-6 border border-gray-200\",\"children\":[[\"$\",\"h2\",null,{\"className\":\"text-xl font-semibold mb-4\",\"children\":\"Registrar Information\"}],[\"$\",\"dl\",null,{\"className\":\"grid grid-cols-1 md:grid-cols-2 gap-4\",\"children\":[[\"$\",\"div\",null,{\"children\":[[\"$\",\"dt\",null,{\"className\":\"text-gray-600\",\"children\":\"Registrar\"}],[\"$\",\"dd\",null,{\"className\":\"font-medium\",\"children\":\"RESERVED-Internet Assigned Numbers Authority\"}]]}],[\"$\",\"div\",null,{\"children\":[[\"$\",\"dt\",null,{\"className\":\"text-gray-600\",\"children\":\"WHOIS Server\"}],[\"$\",\"dd\",null,{\"className\":\"font-medium\",\"children\":\"whois.iana.org\"}]]}],[\"$\",\"div\",null,{\"children\":[[\"$\",\"dt\",null,{\"className\":\"text-gray-600\",\"children\":\"Referral URL\"}],[\"$\",\"dd\",null,{\"className\":\"font-medium\",\"children\":[\"$\",\"$L8\",null,{\"prefetch\":false,\"href\":\"http://res-dom.iana.org\",\"className\":\"text-blue-600 hover:underline\",\"target\":\"_blank\",\"rel\":\"noopener noreferrer\",\"children\":\"http://res-dom.iana.org\"}]}]]}]]}]]}],[\"$\",\"div\",null,{\"className\":\"bg-gray-50 rounded-lg shadow-sm p-6 border border-gray-200\",\"children\":[[\"$\",\"h2\",null,{\"className\":\"text-xl font-semibold mb-4\",\"children\":\"Important Dates\"}],[\"$\",\"dl\",null,{\"className\":\"grid grid-cols-1 md:grid-cols-2 gap-4\",\"children\":[[\"$\",\"div\",null,{\"children\":[[\"$\",\"dt\",null,{\"className\":\"text-gray-600\",\"children\":\"Created\"}],[\"$\",\"dd\",null,{\"className\":\"font-medium\",\"children\":[\"$\",\"time\",null,{\"dateTime\":\"1995-08-14T04:00:00.000Z\",\"children\":\"August 14, 1995\"}]}]]}],\"$L19\",\"$L1a\"]}],\"$L1b\"]}],\"$L1c\",\"$L1d\",\"$L1e\",\"$L1f\",\"$L20\",\"$L21\",\"$L22\"]}]]}]\n"])</script><script>self.__next_f.push([1,"23:I[25594,[\"6874\",\"static/chunks/6874-414075bb21e16c80.js\",\"3063\",\"static/chunks/3063-1ee9e2c4135c2cb9.js\",\"4131\",\"static/chunks/app/(with-ads)/whois/%5Bdomain%5D/page-3c5a275d6c14db6e.js\"],\"Collapsible\"]\n19:[\"$\",\"div\",null,{\"children\":[[\"$\",\"dt\",null,{\"className\":\"text-gray-600\",\"children\":\"Updated\"}],[\"$\",\"dd\",null,{\"className\":\"font-medium\",\"children\":[\"$\",\"time\",null,{\"dateTime\":\"2026-01-16T18:26:50.000Z\",\"children\":\"January 16, 2026\"}]}]]}]\n1a:[\"$\",\"div\",null,{\"children\":[[\"$\",\"dt\",null,{\"className\":\"text-gray-600\",\"children\":\"Expires\"}],[\"$\",\"dd\",null,{\"className\":\"font-medium\",\"children\":[\"$\",\"time\",null,{\"dateTime\":\"2026-08-13T04:00:00.000Z\",\"children\":\"August 13, 2026\"}]}]]}]\n1b:[\"$\",\"p\",null,{\"className\":\"mt-4 text-xs text-gray-400\",\"children\":[\"WHOIS data last fetched\",\" \",[\"$\",\"time\",null,{\"dateTime\":\"2026-06-07T18:51:59.139Z\",\"children\":\"June 7, 2026\"}]]}]\n"])</script><script>self.__next_f.push([1,"1c:[\"$\",\"div\",null,{\"className\":\"bg-gray-50 rounded-lg shadow-sm p-6 border border-gray-200\",\"children\":[[\"$\",\"h2\",null,{\"className\":\"text-xl font-semibold mb-4\",\"children\":\"Nameservers\"}],[\"$\",\"div\",null,{\"className\":\"overflow-x-auto\",\"children\":[\"$\",\"table\",null,{\"className\":\"min-w-full\",\"children\":[[\"$\",\"thead\",null,{\"children\":[\"$\",\"tr\",null,{\"className\":\"border-b border-gray-200\",\"children\":[[\"$\",\"th\",null,{\"className\":\"text-left py-2 px-4 text-gray-600\",\"children\":\"Hostname\"}],[\"$\",\"th\",null,{\"className\":\"text-left py-2 px-4 text-gray-600\",\"children\":\"IP Address\"}]]}]}],[\"$\",\"tbody\",null,{\"children\":[[\"$\",\"tr\",\"elliott.ns.cloudflare.com\",{\"className\":\"border-b border-gray-100\",\"children\":[[\"$\",\"td\",null,{\"className\":\"py-2 px-4\",\"children\":[\"$\",\"$L8\",null,{\"prefetch\":false,\"href\":\"/nameserver/elliott.ns.cloudflare.com\",\"className\":\"text-blue-600 hover:underline\",\"children\":\"elliott.ns.cloudflare.com\"}]}],[\"$\",\"td\",null,{\"className\":\"py-2 px-4\",\"children\":[\"$\",\"$L8\",null,{\"prefetch\":false,\"href\":\"/whois-ip/ip-address/108.162.195.228\",\"className\":\"text-blue-600 hover:underline\",\"children\":\"108.162.195.228\"}]}]]}],[\"$\",\"tr\",\"hera.ns.cloudflare.com\",{\"className\":\"border-b border-gray-100\",\"children\":[[\"$\",\"td\",null,{\"className\":\"py-2 px-4\",\"children\":[\"$\",\"$L8\",null,{\"prefetch\":false,\"href\":\"/nameserver/hera.ns.cloudflare.com\",\"className\":\"text-blue-600 hover:underline\",\"children\":\"hera.ns.cloudflare.com\"}]}],[\"$\",\"td\",null,{\"className\":\"py-2 px-4\",\"children\":[\"$\",\"$L8\",null,{\"prefetch\":false,\"href\":\"/whois-ip/ip-address/108.162.192.162\",\"className\":\"text-blue-600 hover:underline\",\"children\":\"108.162.192.162\"}]}]]}]]}]]}]}]]}]\n"])</script><script>self.__next_f.push([1,"1d:[\"$\",\"div\",null,{\"className\":\"bg-gray-50 rounded-lg shadow-sm p-6 border border-gray-200\",\"children\":[[\"$\",\"h2\",null,{\"className\":\"text-xl font-semibold mb-4\",\"children\":\"Domain Status\"}],[\"$\",\"div\",null,{\"className\":\"overflow-x-auto\",\"children\":[\"$\",\"ul\",null,{\"className\":\"space-y-2\",\"children\":[[\"$\",\"li\",\"0\",{\"className\":\"text-sm p-2 rounded text-gray-700\",\"children\":\"clientDeleteProhibited https://icann.org/epp#clientDeleteProhibited\"}],[\"$\",\"li\",\"1\",{\"className\":\"text-sm p-2 rounded text-gray-700\",\"children\":\"clientTransferProhibited https://icann.org/epp#clientTransferProhibited\"}],[\"$\",\"li\",\"2\",{\"className\":\"text-sm p-2 rounded text-gray-700\",\"children\":\"clientUpdateProhibited https://icann.org/epp#clientUpdateProhibited\"}]]}]}]]}]\n"])</script><script>self.__next_f.push([1,"1e:[\"$\",\"$L18\",null,{\"slot\":\"top-banner-horizontal-2\",\"className\":\"my-6\"}]\n"])</script><script>self.__next_f.push([1,"1f:[\"$\",\"div\",null,{\"className\":\"bg-gray-50 rounded-lg shadow-sm p-6 border border-gray-200\",\"children\":[[\"$\",\"h2\",null,{\"className\":\"text-xl font-semibold mb-4\",\"children\":\"Similar Domains\"}],[\"$\",\"ul\",null,{\"className\":\"space-y-1.5\",\"children\":[[\"$\",\"li\",\"examp1eb4nk.com\",{\"children\":[\"$\",\"$L8\",null,{\"prefetch\":false,\"href\":\"/whois/examp1eb4nk.com\",\"className\":\"text-blue-600 hover:underline\",\"children\":\"examp1eb4nk.com\"}]}],[\"$\",\"li\",\"examp1e.com\",{\"children\":[\"$\",\"$L8\",null,{\"prefetch\":false,\"href\":\"/whois/examp1e.com\",\"className\":\"text-blue-600 hover:underline\",\"children\":\"examp1e.com\"}]}],[\"$\",\"li\",\"examp1e.net\",{\"children\":[\"$\",\"$L8\",null,{\"prefetch\":false,\"href\":\"/whois/examp1e.net\",\"className\":\"text-blue-600 hover:underline\",\"children\":\"examp1e.net\"}]}],[\"$\",\"li\",\"exampace.com\",{\"children\":[\"$\",\"$L8\",null,{\"prefetch\":false,\"href\":\"/whois/exampace.com\",\"className\":\"text-blue-600 hover:underline\",\"children\":\"exampace.com\"}]}],[\"$\",\"li\",\"exampackaging.fr\",{\"children\":[\"$\",\"$L8\",null,{\"prefetch\":false,\"href\":\"/whois/exampackaging.fr\",\"className\":\"text-blue-600 hover:underline\",\"children\":\"exampackaging.fr\"}]}],[\"$\",\"li\",\"exampa.com\",{\"children\":[\"$\",\"$L8\",null,{\"prefetch\":false,\"href\":\"/whois/exampa.com\",\"className\":\"text-blue-600 hover:underline\",\"children\":\"exampa.com\"}]}],[\"$\",\"li\",\"exampacs.net\",{\"children\":[\"$\",\"$L8\",null,{\"prefetch\":false,\"href\":\"/whois/exampacs.net\",\"className\":\"text-blue-600 hover:underline\",\"children\":\"exampacs.net\"}]}],[\"$\",\"li\",\"exampaper.com\",{\"children\":[\"$\",\"$L8\",null,{\"prefetch\":false,\"href\":\"/whois/exampaper.com\",\"className\":\"text-blue-600 hover:underline\",\"children\":\"exampaper.com\"}]}],[\"$\",\"li\",\"exam-pass.com\",{\"children\":[\"$\",\"$L8\",null,{\"prefetch\":false,\"href\":\"/whois/exam-pass.com\",\"className\":\"text-blue-600 hover:underline\",\"children\":\"exam-pass.com\"}]}],[\"$\",\"li\",\"exampass.com\",{\"children\":[\"$\",\"$L8\",null,{\"prefetch\":false,\"href\":\"/whois/exampass.com\",\"className\":\"text-blue-600 hover:underline\",\"children\":\"exampass.com\"}]}],[\"$\",\"li\",\"exampasser.com\",{\"children\":[\"$\",\"$L8\",null,{\"prefetch\":false,\"href\":\"/whois/exampasser.com\",\"className\":\"text-blue-600 hover:underline\",\"children\":\"exampasser.com\"}]}]]}]]}]\n"])</script><script>self.__next_f.push([1,"24:Tcf8,"])</script><script>self.__next_f.push([1,"Domain Name: EXAMPLE.COM\r\n   Registry Domain ID: 2336799_DOMAIN_COM-VRSN\r\n   Registrar WHOIS Server: whois.iana.org\r\n   Registrar URL: http://res-dom.iana.org\r\n   Updated Date: 2026-01-16T18:26:50Z\r\n   Creation Date: 1995-08-14T04:00:00Z\r\n   Registry Expiry Date: 2026-08-13T04:00:00Z\r\n   Registrar: RESERVED-Internet Assigned Numbers Authority\r\n   Registrar IANA ID: 376\r\n   Registrar Abuse Contact Email:\r\n   Registrar Abuse Contact Phone:\r\n   Domain Status: clientDeleteProhibited https://icann.org/epp#clientDeleteProhibited\r\n   Domain Status: clientTransferProhibited https://icann.org/epp#clientTransferProhibited\r\n   Domain Status: clientUpdateProhibited https://icann.org/epp#clientUpdateProhibited\r\n   Name Server: ELLIOTT.NS.CLOUDFLARE.COM\r\n   Name Server: HERA.NS.CLOUDFLARE.COM\r\n   DNSSEC: signedDelegation\r\n   DNSSEC DS Data: 2371 13 2 C988EC423E3880EB8DD8A46FE06CA230EE23F35B578D64E78B29C3E1C83D245A\r\n   URL of the ICANN Whois Inaccuracy Complaint Form: https://www.icann.org/wicf/\r\n\u003e\u003e\u003e Last update of whois database: 2026-06-07T18:51:51Z \u003c\u003c\u003c\r\n\r\nFor more information on Whois status codes, please visit https://icann.org/epp\r\n\r\nNOTICE: The expiration date displayed in this record is the date the\r\nregistrar's sponsorship of the domain name registration in the registry is\r\ncurrently set to expire. This date does not necessarily reflect the expiration\r\ndate of the domain name registrant's agreement with the sponsoring\r\nregistrar.  Users may consult the sponsoring registrar's Whois database to\r\nview the registrar's reported date of expiration for this registration.\r\n\r\nTERMS OF USE: You are not authorized to access or query our Whois\r\ndatabase through the use of electronic processes that are high-volume and\r\nautomated except as reasonably necessary to register domain names or\r\nmodify existing registrations; the Data in VeriSign Global Registry\r\nServices' (\"VeriSign\") Whois database is provided by VeriSign for\r\ninformation purposes only, and to assist persons in obtaining information\r\nabout or related to a domain name registration record. VeriSign does not\r\nguarantee its accuracy. By submitting a Whois query, you agree to abide\r\nby the following terms of use: You agree that you may use this Data only\r\nfor lawful purposes and that under no circumstances will you use this Data\r\nto: (1) allow, enable, or otherwise support the transmission of mass\r\nunsolicited, commercial advertising or solicitations via e-mail, telephone,\r\nor facsimile; or (2) enable high volume, automated, electronic processes\r\nthat apply to VeriSign (or its computer systems). The compilation,\r\nrepackaging, dissemination or other use of this Data is expressly\r\nprohibited without the prior written consent of VeriSign. You agree not to\r\nuse electronic processes that are automated and high-volume to access or\r\nquery the Whois database except as reasonably necessary to register\r\ndomain names or modify existing registrations. VeriSign reserves the right\r\nto restrict your access to the Whois database in its sole discretion to ensure\r\noperational stability.  VeriSign may restrict or terminate your access to the\r\nWhois database for failure to abide by these terms of use. VeriSign\r\nreserves the right to modify these terms at any time.\r\n\r\nThe Registry database contains ONLY .COM, .NET, .EDU domains and\r\nRegistrars."])</script><script>self.__next_f.push([1,"20:[\"$\",\"div\",null,{\"className\":\"bg-gray-50 rounded-lg shadow-sm p-6 border border-gray-200\",\"children\":[[\"$\",\"div\",null,{\"className\":\"flex justify-between items-center mb-4\",\"children\":[\"$\",\"h2\",null,{\"className\":\"text-xl font-semibold\",\"children\":\"Raw WHOIS Data\"}]}],[\"$\",\"p\",null,{\"className\":\"text-sm text-gray-500 mb-4\",\"children\":\"Raw WHOIS responses from registry and registrar servers.\"}],[\"$\",\"div\",null,{\"className\":\"space-y-4\",\"children\":[[\"$\",\"$L23\",null,{\"title\":\"Raw Registry WHOIS Data\",\"className\":\"mt-4\",\"children\":[\"$\",\"pre\",null,{\"className\":\"overflow-x-auto text-sm bg-white p-4 rounded border border-gray-100 font-mono whitespace-pre-wrap\",\"children\":\"$24\"}]}],\"$L25\",false]}]]}]\n"])</script><script>self.__next_f.push([1,"21:[\"$\",\"$L18\",null,{\"slot\":\"bottom-banner\",\"className\":\"my-8\"}]\n22:[\"$\",\"div\",null,{\"className\":\"bg-gray-50 rounded-lg shadow-sm p-6 border border-gray-200 mt-6\",\"children\":[[\"$\",\"h2\",null,{\"className\":\"text-xl font-semibold mb-4\",\"children\":\"About WHOIS\"}],[\"$\",\"div\",null,{\"className\":\"prose prose-sm text-gray-600\",\"children\":[[\"$\",\"p\",null,{\"children\":\"WHOIS is a query and response protocol used for querying databases that store registered users of Internet resources, including domain names and IP addresses.\"}],[\"$\",\"p\",null,{\"children\":\"The protocol provides essential information about domain ownership, administrative contacts, and technical details that are invaluable for domain management and security purposes.\"}]]}]]}]\n"])</script><script>self.__next_f.push([1,"25:[\"$\",\"$L23\",null,{\"title\":\"Raw Registrar WHOIS Data\",\"className\":\"mt-4\",\"children\":[\"$\",\"pre\",null,{\"className\":\"overflow-x-auto text-sm bg-white p-4 rounded border border-gray-100 font-mono whitespace-pre-wrap\",\"children\":\"% IANA WHOIS server\\n% for more information on IANA, visit http://www.iana.org\\n% This query returned 1 object\\n\\ndomain:       EXAMPLE.COM\\n\\norganisation: Internet Assigned Numbers Authority\\n\\ncreated:      1992-01-01\\nsource:       IANA\"}]}]\n"])</script></body></html> / 
  • Subdomains: 1 found
  • Email: SPF=yes DMARC=yes DKIM=0
  • Directories: 0 found
  • Port scan: 2 open ports
  • JSON saved: C:\Users\Orphe\Documents\go\SCANNER\output\scan_result.json
  • HTML report: C:\Users\Orphe\Documents\go\SCANNER\output\scan_report.html

========================================
            SCAN COMPLETE
========================================
Target:    https://example.com
Host:      example.com
IP:        104.20.23.154
Duration:  35.052291s
Port Scan: 2 open ports
DNS: 5 record types, DNSSEC: enabled
Subdomains: 1 found
Email: SPF=yes DMARC=yes DKIM=0
WHOIS: //pagead2.googlesyndication.com/pagead/js/adsbygoogle.js?client=ca-pub-6047099707314605" as="script" crossorigin=""/><meta name="next-size-adjust" content=""/><title>example.com WHOIS Domain Name Lookup - Who.is</title><meta name="description" content="WHOIS lookup for example.com. Find domain name registration, ownership, and technical information."/><meta name="keywords" content="whois lookup,domain search,rdap lookup,dns lookup,domain information,ip lookup,domain availability,domain registration data,domain name"/><link rel="icon" href="/favicon.ico" type="image/x-icon" sizes="48x48"/><script src="/_next/static/chunks/polyfills-42372ed130431b0a.js" noModule=""></script></head><body class="__className_f367f3"><div hidden=""><!--$--><!--/$--></div><div class="min-h-screen flex flex-col"><header class="bg-white shadow"><nav class="mx-auto max-w-7xl px-4 sm:px-6 lg:px-8"><div class="flex flex-wrap h-auto min-h-16 py-2 justify-between items-center"><div class="flex-shrink-0 mr-4"><a href="/"><img alt="who.is" width="120" height="50" decoding="async" data-nimg="1" style="color:transparent" src="/whois-logo-new.svg"/></a></div><div class="flex flex-wrap gap-4"><a class="inline-flex items-center px-1 pt-1 text-sm font-medium border-b-2 text-gray-900 border-blue-500" href="/whois">WHOIS</a><a class="inline-flex items-center px-1 pt-1 text-sm font-medium border-b-2 text-gray-500 border-transparent hover:text-gray-700 hover:border-gray-300" href="/rdap">RDAP</a><a class="inline-flex items-center px-1 pt-1 text-sm font-medium border-b-2 text-gray-500 border-transparent hover:text-gray-700 hover:border-gray-300" href="/dns">DNS</a><a class="inline-flex items-center px-1 pt-1 text-sm font-medium border-b-2 text-gray-500 border-transparent hover:text-gray-700 hover:border-gray-300" href="/uptime">Uptime</a><a class="inline-flex items-center px-1 pt-1 text-sm font-medium border-b-2 text-gray-500 border-transparent hover:text-gray-700 hover:border-gray-300" href="/domains/events">Domain Events</a><a class="inline-flex items-center px-1 pt-1 text-sm font-medium border-b-2 text-gray-500 border-transparent hover:text-gray-700 hover:border-gray-300" href="/website-monitoring">Website Monitoring</a><a class="inline-flex items-center px-1 pt-1 text-sm font-medium border-b-2 text-gray-500 border-transparent hover:text-gray-700 hover:border-gray-300" href="#">Login</a></div></div></nav></header><main class="flex-grow"><div class="container mx-auto px-4 py-2 max-w-4xl"><div class="bg-background"><div class="mx-auto max-w-7xl px-4 py-4 sm:px-6 sm:py-4 lg:px-8"><div class="text-center"><h1 class="text-4xl font-bold tracking-tight text-foreground sm:text-5xl">WHOIS Domain Lookup</h1><p class="mx-auto mt-3 max-w-md text-base text-gray-600 sm:text-lg md:mt-5 md:max-w-3xl md:text-xl">Look up registration details, contacts, and nameservers for any domain name</p><form class="mt-8 sm:mx-auto sm:max-w-lg"><div class="flex flex-col sm:flex-row gap-3"><div class="flex-1"><label for="search" class="sr-only">Enter a domain name...</label><input id="search" type="text" class="block w-full rounded-md border border-gray-300 px-4 py-3 text-base placeholder-gray-500 focus:border-blue-600 focus:ring-blue-600 h-12" placeholder="Enter a domain name..." value=""/></div><button type="submit" class="btn btn-primary h-12 px-8 whitespace-nowrap">Search</button></div></form></div></div></div><div class="bg-gray-50 rounded-lg shadow-sm p-6 mb-4 border border-gray-200"><h1 class="text-3xl font-bold break-words mb-2">example.com</h1><p class="text-gray-600 mb-2">WHOIS Information</p><p class="text-gray-600 mb-2">IP Address:<!-- --> <a class="text-blue-600 hover:underline" href="/whois-ip/ip-address/172.66.147.243">172.66.147.243</a></p><div class="flex flex-wrap gap-2"><a class="btn btn-primary" href="/whois/example.com">Whois</a><a class="btn btn-secondary" href="/rdap/example.com">RDAP</a><a class="btn btn-secondary" href="/dns/example.com">DNS Records</a><a class="btn btn-secondary" href="/uptime/example.com">Uptime</a><a class="btn btn-secondary" href="/tools/example.com">Diagnostics</a><a class="btn btn-secondary" href="/history/example.com">History</a><a class="bg-green-600 text-white hover:bg-green-700 px-4 py-2 rounded-md font-medium transition-colors flex items-center gap-1" href="/privacy/example.com"><svg xmlns="http://www.w3.org/2000/svg" viewBox="0 0 20 20" fill="currentColor" class="w-4 h-4"><path fill-rule="evenodd" d="M10 1a4.5 4.5 0 00-4.5 4.5V9H5a2 2 0 00-2 2v6a2 2 0 002 2h10a2 2 0 002-2v-6a2 2 0 00-2-2h-.5V5.5A4.5 4.5 0 0010 1zm3 8V5.5a3 3 0 10-6 0V9h6z" clip-rule="evenodd"></path></svg>Hide Contact Info</a><div class="flex flex-col items-end gap-1"><button class="btn btn-secondary disabled:opacity-50">Refresh Data</button></div></div></div><div class="ad-placement my-6"><div class="ad-container " style="display:block"><ins class="adsbygoogle" style="display:block" data-ad-client="ca-pub-6047099707314605" data-ad-slot="6652256330" data-ad-format="horizontal" data-full-width-responsive="true"></ins></div></div><div class="bg-blue-50 border border-blue-200 rounded-lg p-4 mb-4"><p class="text-sm text-blue-800">The domain <span class="font-medium">example.com</span> is registered. You can still try to buy it<!-- --> <a href="https://domainagents.com/example.com-whodotis" class="text-blue-600 hover:underline font-medium" target="_blank" rel="nofollow noopener noreferrer">here</a>.</p></div><div class="space-y-6"><div class="bg-gray-50 rounded-lg shadow-sm p-6 border border-gray-200"><h2 class="text-xl font-semibold mb-4">Registrar Information</h2><dl class="grid grid-cols-1 md:grid-cols-2 gap-4"><div><dt class="text-gray-600">Registrar</dt><dd class="font-medium">RESERVED-Internet Assigned Numbers Authority</dd></div><div><dt class="text-gray-600">WHOIS Server</dt><dd class="font-medium">whois.iana.org</dd></div><div><dt class="text-gray-600">Referral URL</dt><dd class="font-medium"><a class="text-blue-600 hover:underline" target="_blank" rel="noopener noreferrer" href="http://res-dom.iana.org">http://res-dom.iana.org</a></dd></div></dl></div><div class="bg-gray-50 rounded-lg shadow-sm p-6 border border-gray-200"><h2 class="text-xl font-semibold mb-4">Important Dates</h2><dl class="grid grid-cols-1 md:grid-cols-2 gap-4"><div><dt class="text-gray-600">Created</dt><dd class="font-medium"><time dateTime="1995-08-14T04:00:00.000Z">August 14, 1995</time></dd></div><div><dt class="text-gray-600">Updated</dt><dd class="font-medium"><time dateTime="2026-01-16T18:26:50.000Z">January 16, 2026</time></dd></div><div><dt class="text-gray-600">Expires</dt><dd class="font-medium"><time dateTime="2026-08-13T04:00:00.000Z">August 13, 2026</time></dd></div></dl><p class="mt-4 text-xs text-gray-400">WHOIS data last fetched<!-- --> <time dateTime="2026-06-07T18:51:59.139Z">June 7, 2026</time></p></div><div class="bg-gray-50 rounded-lg shadow-sm p-6 border border-gray-200"><h2 class="text-xl font-semibold mb-4">Nameservers</h2><div class="overflow-x-auto"><table class="min-w-full"><thead><tr class="border-b border-gray-200"><th class="text-left py-2 px-4 text-gray-600">Hostname</th><th class="text-left py-2 px-4 text-gray-600">IP Address</th></tr></thead><tbody><tr class="border-b border-gray-100"><td class="py-2 px-4"><a class="text-blue-600 hover:underline" href="/nameserver/elliott.ns.cloudflare.com">elliott.ns.cloudflare.com</a></td><td class="py-2 px-4"><a class="text-blue-600 hover:underline" href="/whois-ip/ip-address/108.162.195.228">108.162.195.228</a></td></tr><tr class="border-b border-gray-100"><td class="py-2 px-4"><a class="text-blue-600 hover:underline" href="/nameserver/hera.ns.cloudflare.com">hera.ns.cloudflare.com</a></td><td class="py-2 px-4"><a class="text-blue-600 hover:underline" href="/whois-ip/ip-address/108.162.192.162">108.162.192.162</a></td></tr></tbody></table></div></div><div class="bg-gray-50 rounded-lg shadow-sm p-6 border border-gray-200"><h2 class="text-xl font-semibold mb-4">Domain Status</h2><div class="overflow-x-auto"><ul class="space-y-2"><li class="text-sm p-2 rounded text-gray-700">clientDeleteProhibited https://icann.org/epp#clientDeleteProhibited</li><li class="text-sm p-2 rounded text-gray-700">clientTransferProhibited https://icann.org/epp#clientTransferProhibited</li><li class="text-sm p-2 rounded text-gray-700">clientUpdateProhibited https://icann.org/epp#clientUpdateProhibited</li></ul></div></div><div class="ad-placement my-6"><div class="ad-container " style="display:block"><ins class="adsbygoogle" style="display:block" data-ad-client="ca-pub-6047099707314605" data-ad-slot="4844350649" data-ad-format="horizontal" data-full-width-responsive="true"></ins></div></div><div class="bg-gray-50 rounded-lg shadow-sm p-6 border border-gray-200"><h2 class="text-xl font-semibold mb-4">Similar Domains</h2><ul class="space-y-1.5"><li><a class="text-blue-600 hover:underline" href="/whois/examp1eb4nk.com">examp1eb4nk.com</a></li><li><a class="text-blue-600 hover:underline" href="/whois/examp1e.com">examp1e.com</a></li><li><a class="text-blue-600 hover:underline" href="/whois/examp1e.net">examp1e.net</a></li><li><a class="text-blue-600 hover:underline" href="/whois/exampace.com">exampace.com</a></li><li><a class="text-blue-600 hover:underline" href="/whois/exampackaging.fr">exampackaging.fr</a></li><li><a class="text-blue-600 hover:underline" href="/whois/exampa.com">exampa.com</a></li><li><a class="text-blue-600 hover:underline" href="/whois/exampacs.net">exampacs.net</a></li><li><a class="text-blue-600 hover:underline" href="/whois/exampaper.com">exampaper.com</a></li><li><a class="text-blue-600 hover:underline" href="/whois/exam-pass.com">exam-pass.com</a></li><li><a class="text-blue-600 hover:underline" href="/whois/exampass.com">exampass.com</a></li><li><a class="text-blue-600 hover:underline" href="/whois/exampasser.com">exampasser.com</a></li></ul></div><div class="bg-gray-50 rounded-lg shadow-sm p-6 border border-gray-200"><div class="flex justify-between items-center mb-4"><h2 class="text-xl font-semibold">Raw WHOIS Data</h2></div><p class="text-sm text-gray-500 mb-4">Raw WHOIS responses from registry and registrar servers.</p><div class="space-y-4"><div class="border border-gray-200 rounded-lg mt-4"><button class="w-full px-4 py-3 flex justify-between items-center bg-gray-50 hover:bg-gray-100 rounded-t-lg transition-colors"><span class="font-medium text-gray-900">Raw Registry WHOIS Data</span><svg xmlns="http://www.w3.org/2000/svg" viewBox="0 0 20 20" fill="currentColor" class="h-5 w-5 text-gray-500"><path fill-rule="evenodd" d="M5.23 7.21a.75.75 0 011.06.02L10 11.168l3.71-3.938a.75.75 0 111.08 1.04l-4.25 4.5a.75.75 0 01-1.08 0l-4.25-4.5a.75.75 0 01.02-1.06z" clip-rule="evenodd"></path></svg></button></div><div class="border border-gray-200 rounded-lg mt-4"><button class="w-full px-4 py-3 flex justify-between items-center bg-gray-50 hover:bg-gray-100 rounded-t-lg transition-colors"><span class="font-medium text-gray-900">Raw Registrar WHOIS Data</span><svg xmlns="http://www.w3.org/2000/svg" viewBox="0 0 20 20" fill="currentColor" class="h-5 w-5 text-gray-500"><path fill-rule="evenodd" d="M5.23 7.21a.75.75 0 011.06.02L10 11.168l3.71-3.938a.75.75 0 111.08 1.04l-4.25 4.5a.75.75 0 01-1.08 0l-4.25-4.5a.75.75 0 01.02-1.06z" clip-rule="evenodd"></path></svg></button></div></div></div><div class="ad-placement my-8"><div class="ad-container " style="display:block"><ins class="adsbygoogle" style="display:block" data-ad-client="ca-pub-6047099707314605" data-ad-slot="8386503230" data-ad-format="auto" data-full-width-responsive="true"></ins></div></div><div class="bg-gray-50 rounded-lg shadow-sm p-6 border border-gray-200 mt-6"><h2 class="text-xl font-semibold mb-4">About WHOIS</h2><div class="prose prose-sm text-gray-600"><p>WHOIS is a query and response protocol used for querying databases that store registered users of Internet resources, including domain names and IP addresses.</p><p>The protocol provides essential information about domain ownership, administrative contacts, and technical details that are invaluable for domain management and security purposes.</p></div></div></div></div><!--$--><!--/$--></main><footer class="bg-white"><div class="mx-auto max-w-7xl px-4 py-12 sm:px-6 lg:px-8"><div class="border-t border-gray-200 pt-8"><div class="flex justify-center space-x-6 mb-4"><a class="text-base text-gray-500 hover:text-gray-900" href="/overview">Overview</a><a class="text-base text-gray-500 hover:text-gray-900" href="/faq">FAQ</a><a class="text-base text-gray-500 hover:text-gray-900" href="/terms">Terms</a><a class="text-base text-gray-500 hover:text-gray-900" href="/contact">Contact</a></div><p class="text-base text-gray-400 text-center">© <!-- -->2026<!-- --> who.is All rights reserved.</p></div></div></footer></div><script src="/_next/static/chunks/webpack-67b9969ecfae5c91.js" id="_R_" async=""></script><script>(self.__next_f=self.__next_f||[]).push([0])</script><script>self.__next_f.push([1,"1:\"$Sreact.fragment\"\n2:I[69243,[\"9442\",\"static/chunks/app/(with-ads)/layout-6d5c74a96e3e0c60.js\"],\"\"]\n3:I[80848,[\"6874\",\"static/chunks/6874-414075bb21e16c80.js\",\"3063\",\"static/chunks/3063-1ee9e2c4135c2cb9.js\",\"7177\",\"static/chunks/app/layout-b32b9a46ec274ecb.js\"],\"SessionProvider\"]\n4:I[78342,[\"6874\",\"static/chunks/6874-414075bb21e16c80.js\",\"3063\",\"static/chunks/3063-1ee9e2c4135c2cb9.js\",\"7177\",\"static/chunks/app/layout-b32b9a46ec274ecb.js\"],\"default\"]\n5:I[87555,[],\"\"]\n6:I[31295,[],\"\"]\n7:I[32608,[\"6874\",\"static/chunks/6874-414075bb21e16c80.js\",\"3063\",\"static/chunks/3063-1ee9e2c4135c2cb9.js\",\"4131\",\"static/chunks/app/(with-ads)/whois/%5Bdomain%5D/page-3c5a275d6c14db6e.js\"],\"default\"]\n8:I[6874,[\"6874\",\"static/chunks/6874-414075bb21e16c80.js\",\"3063\",\"static/chunks/3063-1ee9e2c4135c2cb9.js\",\"4131\",\"static/chunks/app/(with-ads)/whois/%5Bdomain%5D/page-3c5a275d6c14db6e.js\"],\"\"]\nb:I[28393,[],\"\"]\nd:I[59665,[],\"OutletBoundary\"]\nf:I[74911,[],\"AsyncMetadataOutlet\"]\n11:I[59665,[],\"ViewportBoundary\"]\n13:I[59665,[],\"MetadataBoundary\"]\n14:\"$Sreact.suspense\"\n16:I[38175,[],\"IconMark\"]\n:HL[\"/_next/static/media/e4af272ccee01ff0-s.p.woff2\",\"font\",{\"crossOrigin\":\"\",\"type\":\"font/woff2\"}]\n:HL[\"/_next/static/css/4e60055f18e99507.css\",\"style\"]\n"])</script><script>self.__next_f.push([1,"0:{\"P\":null,\"b\":\"s4H-2ef4CKYOqdhxDdsx4\",\"p\":\"\",\"c\":[\"\",\"whois\",\"example.com\"],\"i\":false,\"f\":[[[\"\",{\"children\":[\"(with-ads)\",{\"children\":[\"whois\",{\"children\":[[\"domain\",\"example.com\",\"d\"],{\"children\":[\"__PAGE__\",{}]}]}]}]},\"$undefined\",\"$undefined\",true],[\"\",[\"$\",\"$1\",\"c\",{\"children\":[[[\"$\",\"link\",\"0\",{\"rel\":\"stylesheet\",\"href\":\"/_next/static/css/4e60055f18e99507.css\",\"precedence\":\"next\",\"crossOrigin\":\"$undefined\",\"nonce\":\"$undefined\"}]],[\"$\",\"html\",null,{\"lang\":\"en\",\"children\":[[\"$\",\"head\",null,{\"children\":[[\"$\",\"$L2\",null,{\"strategy\":\"lazyOnload\",\"src\":\"https://www.googletagmanager.com/gtag/js?id=G-CWQW525XNV\",\"async\":true}],[\"$\",\"$L2\",null,{\"id\":\"gtag-init\",\"strategy\":\"afterInteractive\",\"children\":\"\\n          window.dataLayer = window.dataLayer || [];\\n          function gtag(){dataLayer.push(arguments);}\\n          gtag('js', new Date());\\n          gtag('config', 'G-CWQW525XNV');\\n        \"}]]}],[\"$\",\"body\",null,{\"className\":\"__className_f367f3\",\"children\":[\"$\",\"$L3\",null,{\"children\":[\"$\",\"div\",null,{\"className\":\"min-h-screen flex flex-col\",\"children\":[[\"$\",\"$L4\",null,{}],[\"$\",\"main\",null,{\"className\":\"flex-grow\",\"children\":[\"$\",\"$L5\",null,{\"parallelRouterKey\":\"children\",\"error\":\"$undefined\",\"errorStyles\":\"$undefined\",\"errorScripts\":\"$undefined\",\"template\":[\"$\",\"$L6\",null,{}],\"templateStyles\":\"$undefined\",\"templateScripts\":\"$undefined\",\"notFound\":[[\"$\",\"div\",null,{\"className\":\"container mx-auto px-4 py-2 max-w-4xl\",\"children\":[[\"$\",\"$L7\",null,{\"type\":\"rdap\",\"title\":\"Page Not Found\",\"description\":\"The page you're looking for doesn't exist. Try searching for a domain below.\",\"placeholder\":\"Enter a domain name...\"}],[\"$\",\"div\",null,{\"className\":\"bg-red-50 border border-red-200 text-red-800 rounded-lg shadow-sm p-6 mt-6\",\"children\":[[\"$\",\"h2\",null,{\"className\":\"text-xl font-semibold mb-4\",\"children\":\"404 - Page Not Found\"}],[\"$\",\"p\",null,{\"className\":\"mb-4\",\"children\":\"Sorry, we couldn't find the page you were looking for. Here are some helpful links:\"}],[\"$\",\"ul\",null,{\"className\":\"list-disc list-inside space-y-2\",\"children\":[[\"$\",\"li\",null,{\"children\":[[\"$\",\"$L8\",null,{\"href\":\"/whois\",\"className\":\"text-blue-600 hover:underline\",\"children\":\"WHOIS Lookup\"}],\" \",\"- Look up domain registration information\"]}],[\"$\",\"li\",null,{\"children\":[[\"$\",\"$L8\",null,{\"href\":\"/dns\",\"className\":\"text-blue-600 hover:underline\",\"children\":\"DNS Lookup\"}],\" \",\"- Check DNS records for any domain\"]}],[\"$\",\"li\",null,{\"children\":[[\"$\",\"$L8\",null,{\"href\":\"/rdap\",\"className\":\"text-blue-600 hover:underline\",\"children\":\"RDAP Lookup\"}],\" \",\"- Modern domain registration data protocol\"]}],[\"$\",\"li\",null,{\"children\":[[\"$\",\"$L8\",null,{\"href\":\"/\",\"className\":\"text-blue-600 hover:underline\",\"children\":\"Home\"}],\" \",\"- Return to the homepage\"]}]]}]]}]]}],[]],\"forbidden\":\"$undefined\",\"unauthorized\":\"$undefined\"}]}],[\"$\",\"footer\",null,{\"className\":\"bg-white\",\"children\":[\"$\",\"div\",null,{\"className\":\"mx-auto max-w-7xl px-4 py-12 sm:px-6 lg:px-8\",\"children\":[\"$\",\"div\",null,{\"className\":\"border-t border-gray-200 pt-8\",\"children\":[[\"$\",\"div\",null,{\"className\":\"flex justify-center space-x-6 mb-4\",\"children\":[[\"$\",\"$L8\",null,{\"prefetch\":false,\"href\":\"/overview\",\"className\":\"text-base text-gray-500 hover:text-gray-900\",\"children\":\"Overview\"}],[\"$\",\"$L8\",null,{\"prefetch\":false,\"href\":\"/faq\",\"className\":\"text-base text-gray-500 hover:text-gray-900\",\"children\":\"FAQ\"}],[\"$\",\"$L8\",null,{\"prefetch\":false,\"href\":\"/terms\",\"className\":\"text-base text-gray-500 hover:text-gray-900\",\"children\":\"Terms\"}],[\"$\",\"$L8\",null,{\"prefetch\":false,\"href\":\"/contact\",\"className\":\"text-base text-gray-500 hover:text-gray-900\",\"children\":\"Contact\"}]]}],[\"$\",\"p\",null,{\"className\":\"text-base text-gray-400 text-center\",\"children\":[\"© \",2026,\" who.is All rights reserved.\"]}]]}]}]}]]}]}]}]]}]]}],{\"children\":[\"(with-ads)\",[\"$\",\"$1\",\"c\",{\"children\":[null,[[\"$\",\"$L2\",null,{\"strategy\":\"afterInteractive\",\"src\":\"https://pagead2.googlesyndication.com/pagead/js/adsbygoogle.js?client=ca-pub-6047099707314605\",\"crossOrigin\":\"anonymous\",\"async\":true}],[\"$\",\"$L5\",null,{\"parallelRouterKey\":\"children\",\"error\":\"$undefined\",\"errorStyles\":\"$undefined\",\"errorScripts\":\"$undefined\",\"template\":[\"$\",\"$L6\",null,{}],\"templateStyles\":\"$undefined\",\"templateScripts\":\"$undefined\",\"notFound\":\"$undefined\",\"forbidden\":\"$undefined\",\"unauthorized\":\"$undefined\"}]]]}],{\"children\":[\"whois\",[\"$\",\"$1\",\"c\",{\"children\":[null,[\"$\",\"$L5\",null,{\"parallelRouterKey\":\"children\",\"error\":\"$undefined\",\"errorStyles\":\"$undefined\",\"errorScripts\":\"$undefined\",\"template\":[\"$\",\"$L6\",null,{}],\"templateStyles\":\"$undefined\",\"templateScripts\":\"$undefined\",\"notFound\":\"$undefined\",\"forbidden\":\"$undefined\",\"unauthorized\":\"$undefined\"}]]}],{\"children\":[[\"domain\",\"example.com\",\"d\"],[\"$\",\"$1\",\"c\",{\"children\":[null,[\"$\",\"$L5\",null,{\"parallelRouterKey\":\"children\",\"error\":\"$undefined\",\"errorStyles\":\"$undefined\",\"errorScripts\":\"$undefined\",\"template\":[\"$\",\"$L6\",null,{}],\"templateStyles\":\"$undefined\",\"templateScripts\":\"$undefined\",\"notFound\":\"$undefined\",\"forbidden\":\"$undefined\",\"unauthorized\":\"$undefined\"}]]}],{\"children\":[\"__PAGE__\",\"$L9\",{},null,false]},null,false]},null,false]},null,false]},null,false],\"$La\",false]],\"m\":\"$undefined\",\"G\":[\"$b\",[]],\"s\":false,\"S\":false}\n"])</script><script>self.__next_f.push([1,"9:[\"$\",\"$1\",\"c\",{\"children\":[\"$Lc\",null,[\"$\",\"$Ld\",null,{\"children\":[\"$Le\",[\"$\",\"$Lf\",null,{\"promise\":\"$@10\"}]]}]]}]\na:[\"$\",\"$1\",\"h\",{\"children\":[null,[[\"$\",\"$L11\",null,{\"children\":\"$L12\"}],[\"$\",\"meta\",null,{\"name\":\"next-size-adjust\",\"content\":\"\"}]],[\"$\",\"$L13\",null,{\"children\":[\"$\",\"div\",null,{\"hidden\":true,\"children\":[\"$\",\"$14\",null,{\"fallback\":null,\"children\":\"$L15\"}]}]}]]}]\n12:[[\"$\",\"meta\",\"0\",{\"charSet\":\"utf-8\"}],[\"$\",\"meta\",\"1\",{\"name\":\"viewport\",\"content\":\"width=device-width, initial-scale=1\"}]]\ne:null\n10:{\"metadata\":[[\"$\",\"title\",\"0\",{\"children\":\"example.com WHOIS Domain Name Lookup - Who.is\"}],[\"$\",\"meta\",\"1\",{\"name\":\"description\",\"content\":\"WHOIS lookup for example.com. Find domain name registration, ownership, and technical information.\"}],[\"$\",\"meta\",\"2\",{\"name\":\"keywords\",\"content\":\"whois lookup,domain search,rdap lookup,dns lookup,domain information,ip lookup,domain availability,domain registration data,domain name\"}],[\"$\",\"link\",\"3\",{\"rel\":\"icon\",\"href\":\"/favicon.ico\",\"type\":\"image/x-icon\",\"sizes\":\"48x48\"}],[\"$\",\"$L16\",\"4\",{}]],\"error\":null,\"digest\":\"$undefined\"}\n15:\"$10:metadata\"\n"])</script><script>self.__next_f.push([1,"17:I[51910,[\"6874\",\"static/chunks/6874-414075bb21e16c80.js\",\"3063\",\"static/chunks/3063-1ee9e2c4135c2cb9.js\",\"4131\",\"static/chunks/app/(with-ads)/whois/%5Bdomain%5D/page-3c5a275d6c14db6e.js\"],\"RefreshButton\"]\n18:I[60929,[\"6874\",\"static/chunks/6874-414075bb21e16c80.js\",\"3063\",\"static/chunks/3063-1ee9e2c4135c2cb9.js\",\"4131\",\"static/chunks/app/(with-ads)/whois/%5Bdomain%5D/page-3c5a275d6c14db6e.js\"],\"AdPlacement\"]\n"])</script><script>self.__next_f.push([1,"c:[\"$\",\"div\",null,{\"className\":\"container mx-auto px-4 py-2 max-w-4xl\",\"children\":[[\"$\",\"$L7\",null,{\"type\":\"whois\",\"title\":\"WHOIS Domain Lookup\",\"description\":\"Look up registration details, contacts, and nameservers for any domain name\",\"placeholder\":\"Enter a domain name...\"}],[\"$\",\"div\",null,{\"className\":\"bg-gray-50 rounded-lg shadow-sm p-6 mb-4 border border-gray-200\",\"children\":[[\"$\",\"h1\",null,{\"className\":\"text-3xl font-bold break-words mb-2\",\"children\":\"example.com\"}],[\"$\",\"p\",null,{\"className\":\"text-gray-600 mb-2\",\"children\":\"WHOIS Information\"}],[\"$\",\"p\",null,{\"className\":\"text-gray-600 mb-2\",\"children\":[\"IP Address:\",\" \",[\"$\",\"$L8\",null,{\"href\":\"/whois-ip/ip-address/172.66.147.243\",\"prefetch\":false,\"className\":\"text-blue-600 hover:underline\",\"children\":\"172.66.147.243\"}]]}],[\"$\",\"div\",null,{\"className\":\"flex flex-wrap gap-2\",\"children\":[[[\"$\",\"$L8\",null,{\"prefetch\":false,\"href\":\"/whois/example.com\",\"className\":\"btn btn-primary\",\"children\":\"Whois\"}],[\"$\",\"$L8\",null,{\"prefetch\":false,\"href\":\"/rdap/example.com\",\"className\":\"btn btn-secondary\",\"children\":\"RDAP\"}],[\"$\",\"$L8\",null,{\"prefetch\":false,\"href\":\"/dns/example.com\",\"className\":\"btn btn-secondary\",\"children\":\"DNS Records\"}],[\"$\",\"$L8\",null,{\"prefetch\":false,\"href\":\"/uptime/example.com\",\"className\":\"btn btn-secondary\",\"children\":\"Uptime\"}],[\"$\",\"$L8\",null,{\"prefetch\":false,\"href\":\"/tools/example.com\",\"className\":\"btn btn-secondary\",\"children\":\"Diagnostics\"}],[\"$\",\"$L8\",null,{\"prefetch\":false,\"href\":\"/history/example.com\",\"className\":\"btn btn-secondary\",\"children\":\"History\"}],[\"$\",\"$L8\",null,{\"prefetch\":false,\"href\":\"/privacy/example.com\",\"className\":\"bg-green-600 text-white hover:bg-green-700 px-4 py-2 rounded-md font-medium transition-colors flex items-center gap-1\",\"children\":[[\"$\",\"svg\",null,{\"xmlns\":\"http://www.w3.org/2000/svg\",\"viewBox\":\"0 0 20 20\",\"fill\":\"currentColor\",\"className\":\"w-4 h-4\",\"children\":[\"$\",\"path\",null,{\"fillRule\":\"evenodd\",\"d\":\"M10 1a4.5 4.5 0 00-4.5 4.5V9H5a2 2 0 00-2 2v6a2 2 0 002 2h10a2 2 0 002-2v-6a2 2 0 00-2-2h-.5V5.5A4.5 4.5 0 0010 1zm3 8V5.5a3 3 0 10-6 0V9h6z\",\"clipRule\":\"evenodd\"}]}],\"Hide Contact Info\"]}]],[\"$\",\"$L17\",null,{\"domain\":\"example.com\",\"type\":\"whois\",\"token\":\"1781715733469.57ae464f20991bb3c43c3cbf9ae2f542a1f8f1cefa4d3cc9c9e750e4ec35175d\"}]]}]]}],[\"$\",\"$L18\",null,{\"slot\":\"top-banner-horizontal\",\"className\":\"my-6\"}],[\"$\",\"div\",null,{\"className\":\"bg-blue-50 border border-blue-200 rounded-lg p-4 mb-4\",\"children\":[\"$\",\"p\",null,{\"className\":\"text-sm text-blue-800\",\"children\":[\"The domain \",[\"$\",\"span\",null,{\"className\":\"font-medium\",\"children\":\"example.com\"}],\" is registered. You can still try to buy it\",\" \",[\"$\",\"a\",null,{\"href\":\"https://domainagents.com/example.com-whodotis\",\"className\":\"text-blue-600 hover:underline font-medium\",\"target\":\"_blank\",\"rel\":\"nofollow noopener noreferrer\",\"children\":\"here\"}],\".\"]}]}],[\"$\",\"div\",null,{\"className\":\"space-y-6\",\"children\":[false,[\"$\",\"div\",null,{\"className\":\"bg-gray-50 rounded-lg shadow-sm p-6 border border-gray-200\",\"children\":[[\"$\",\"h2\",null,{\"className\":\"text-xl font-semibold mb-4\",\"children\":\"Registrar Information\"}],[\"$\",\"dl\",null,{\"className\":\"grid grid-cols-1 md:grid-cols-2 gap-4\",\"children\":[[\"$\",\"div\",null,{\"children\":[[\"$\",\"dt\",null,{\"className\":\"text-gray-600\",\"children\":\"Registrar\"}],[\"$\",\"dd\",null,{\"className\":\"font-medium\",\"children\":\"RESERVED-Internet Assigned Numbers Authority\"}]]}],[\"$\",\"div\",null,{\"children\":[[\"$\",\"dt\",null,{\"className\":\"text-gray-600\",\"children\":\"WHOIS Server\"}],[\"$\",\"dd\",null,{\"className\":\"font-medium\",\"children\":\"whois.iana.org\"}]]}],[\"$\",\"div\",null,{\"children\":[[\"$\",\"dt\",null,{\"className\":\"text-gray-600\",\"children\":\"Referral URL\"}],[\"$\",\"dd\",null,{\"className\":\"font-medium\",\"children\":[\"$\",\"$L8\",null,{\"prefetch\":false,\"href\":\"http://res-dom.iana.org\",\"className\":\"text-blue-600 hover:underline\",\"target\":\"_blank\",\"rel\":\"noopener noreferrer\",\"children\":\"http://res-dom.iana.org\"}]}]]}]]}]]}],[\"$\",\"div\",null,{\"className\":\"bg-gray-50 rounded-lg shadow-sm p-6 border border-gray-200\",\"children\":[[\"$\",\"h2\",null,{\"className\":\"text-xl font-semibold mb-4\",\"children\":\"Important Dates\"}],[\"$\",\"dl\",null,{\"className\":\"grid grid-cols-1 md:grid-cols-2 gap-4\",\"children\":[[\"$\",\"div\",null,{\"children\":[[\"$\",\"dt\",null,{\"className\":\"text-gray-600\",\"children\":\"Created\"}],[\"$\",\"dd\",null,{\"className\":\"font-medium\",\"children\":[\"$\",\"time\",null,{\"dateTime\":\"1995-08-14T04:00:00.000Z\",\"children\":\"August 14, 1995\"}]}]]}],\"$L19\",\"$L1a\"]}],\"$L1b\"]}],\"$L1c\",\"$L1d\",\"$L1e\",\"$L1f\",\"$L20\",\"$L21\",\"$L22\"]}]]}]\n"])</script><script>self.__next_f.push([1,"23:I[25594,[\"6874\",\"static/chunks/6874-414075bb21e16c80.js\",\"3063\",\"static/chunks/3063-1ee9e2c4135c2cb9.js\",\"4131\",\"static/chunks/app/(with-ads)/whois/%5Bdomain%5D/page-3c5a275d6c14db6e.js\"],\"Collapsible\"]\n19:[\"$\",\"div\",null,{\"children\":[[\"$\",\"dt\",null,{\"className\":\"text-gray-600\",\"children\":\"Updated\"}],[\"$\",\"dd\",null,{\"className\":\"font-medium\",\"children\":[\"$\",\"time\",null,{\"dateTime\":\"2026-01-16T18:26:50.000Z\",\"children\":\"January 16, 2026\"}]}]]}]\n1a:[\"$\",\"div\",null,{\"children\":[[\"$\",\"dt\",null,{\"className\":\"text-gray-600\",\"children\":\"Expires\"}],[\"$\",\"dd\",null,{\"className\":\"font-medium\",\"children\":[\"$\",\"time\",null,{\"dateTime\":\"2026-08-13T04:00:00.000Z\",\"children\":\"August 13, 2026\"}]}]]}]\n1b:[\"$\",\"p\",null,{\"className\":\"mt-4 text-xs text-gray-400\",\"children\":[\"WHOIS data last fetched\",\" \",[\"$\",\"time\",null,{\"dateTime\":\"2026-06-07T18:51:59.139Z\",\"children\":\"June 7, 2026\"}]]}]\n"])</script><script>self.__next_f.push([1,"1c:[\"$\",\"div\",null,{\"className\":\"bg-gray-50 rounded-lg shadow-sm p-6 border border-gray-200\",\"children\":[[\"$\",\"h2\",null,{\"className\":\"text-xl font-semibold mb-4\",\"children\":\"Nameservers\"}],[\"$\",\"div\",null,{\"className\":\"overflow-x-auto\",\"children\":[\"$\",\"table\",null,{\"className\":\"min-w-full\",\"children\":[[\"$\",\"thead\",null,{\"children\":[\"$\",\"tr\",null,{\"className\":\"border-b border-gray-200\",\"children\":[[\"$\",\"th\",null,{\"className\":\"text-left py-2 px-4 text-gray-600\",\"children\":\"Hostname\"}],[\"$\",\"th\",null,{\"className\":\"text-left py-2 px-4 text-gray-600\",\"children\":\"IP Address\"}]]}]}],[\"$\",\"tbody\",null,{\"children\":[[\"$\",\"tr\",\"elliott.ns.cloudflare.com\",{\"className\":\"border-b border-gray-100\",\"children\":[[\"$\",\"td\",null,{\"className\":\"py-2 px-4\",\"children\":[\"$\",\"$L8\",null,{\"prefetch\":false,\"href\":\"/nameserver/elliott.ns.cloudflare.com\",\"className\":\"text-blue-600 hover:underline\",\"children\":\"elliott.ns.cloudflare.com\"}]}],[\"$\",\"td\",null,{\"className\":\"py-2 px-4\",\"children\":[\"$\",\"$L8\",null,{\"prefetch\":false,\"href\":\"/whois-ip/ip-address/108.162.195.228\",\"className\":\"text-blue-600 hover:underline\",\"children\":\"108.162.195.228\"}]}]]}],[\"$\",\"tr\",\"hera.ns.cloudflare.com\",{\"className\":\"border-b border-gray-100\",\"children\":[[\"$\",\"td\",null,{\"className\":\"py-2 px-4\",\"children\":[\"$\",\"$L8\",null,{\"prefetch\":false,\"href\":\"/nameserver/hera.ns.cloudflare.com\",\"className\":\"text-blue-600 hover:underline\",\"children\":\"hera.ns.cloudflare.com\"}]}],[\"$\",\"td\",null,{\"className\":\"py-2 px-4\",\"children\":[\"$\",\"$L8\",null,{\"prefetch\":false,\"href\":\"/whois-ip/ip-address/108.162.192.162\",\"className\":\"text-blue-600 hover:underline\",\"children\":\"108.162.192.162\"}]}]]}]]}]]}]}]]}]\n"])</script><script>self.__next_f.push([1,"1d:[\"$\",\"div\",null,{\"className\":\"bg-gray-50 rounded-lg shadow-sm p-6 border border-gray-200\",\"children\":[[\"$\",\"h2\",null,{\"className\":\"text-xl font-semibold mb-4\",\"children\":\"Domain Status\"}],[\"$\",\"div\",null,{\"className\":\"overflow-x-auto\",\"children\":[\"$\",\"ul\",null,{\"className\":\"space-y-2\",\"children\":[[\"$\",\"li\",\"0\",{\"className\":\"text-sm p-2 rounded text-gray-700\",\"children\":\"clientDeleteProhibited https://icann.org/epp#clientDeleteProhibited\"}],[\"$\",\"li\",\"1\",{\"className\":\"text-sm p-2 rounded text-gray-700\",\"children\":\"clientTransferProhibited https://icann.org/epp#clientTransferProhibited\"}],[\"$\",\"li\",\"2\",{\"className\":\"text-sm p-2 rounded text-gray-700\",\"children\":\"clientUpdateProhibited https://icann.org/epp#clientUpdateProhibited\"}]]}]}]]}]\n"])</script><script>self.__next_f.push([1,"1e:[\"$\",\"$L18\",null,{\"slot\":\"top-banner-horizontal-2\",\"className\":\"my-6\"}]\n"])</script><script>self.__next_f.push([1,"1f:[\"$\",\"div\",null,{\"className\":\"bg-gray-50 rounded-lg shadow-sm p-6 border border-gray-200\",\"children\":[[\"$\",\"h2\",null,{\"className\":\"text-xl font-semibold mb-4\",\"children\":\"Similar Domains\"}],[\"$\",\"ul\",null,{\"className\":\"space-y-1.5\",\"children\":[[\"$\",\"li\",\"examp1eb4nk.com\",{\"children\":[\"$\",\"$L8\",null,{\"prefetch\":false,\"href\":\"/whois/examp1eb4nk.com\",\"className\":\"text-blue-600 hover:underline\",\"children\":\"examp1eb4nk.com\"}]}],[\"$\",\"li\",\"examp1e.com\",{\"children\":[\"$\",\"$L8\",null,{\"prefetch\":false,\"href\":\"/whois/examp1e.com\",\"className\":\"text-blue-600 hover:underline\",\"children\":\"examp1e.com\"}]}],[\"$\",\"li\",\"examp1e.net\",{\"children\":[\"$\",\"$L8\",null,{\"prefetch\":false,\"href\":\"/whois/examp1e.net\",\"className\":\"text-blue-600 hover:underline\",\"children\":\"examp1e.net\"}]}],[\"$\",\"li\",\"exampace.com\",{\"children\":[\"$\",\"$L8\",null,{\"prefetch\":false,\"href\":\"/whois/exampace.com\",\"className\":\"text-blue-600 hover:underline\",\"children\":\"exampace.com\"}]}],[\"$\",\"li\",\"exampackaging.fr\",{\"children\":[\"$\",\"$L8\",null,{\"prefetch\":false,\"href\":\"/whois/exampackaging.fr\",\"className\":\"text-blue-600 hover:underline\",\"children\":\"exampackaging.fr\"}]}],[\"$\",\"li\",\"exampa.com\",{\"children\":[\"$\",\"$L8\",null,{\"prefetch\":false,\"href\":\"/whois/exampa.com\",\"className\":\"text-blue-600 hover:underline\",\"children\":\"exampa.com\"}]}],[\"$\",\"li\",\"exampacs.net\",{\"children\":[\"$\",\"$L8\",null,{\"prefetch\":false,\"href\":\"/whois/exampacs.net\",\"className\":\"text-blue-600 hover:underline\",\"children\":\"exampacs.net\"}]}],[\"$\",\"li\",\"exampaper.com\",{\"children\":[\"$\",\"$L8\",null,{\"prefetch\":false,\"href\":\"/whois/exampaper.com\",\"className\":\"text-blue-600 hover:underline\",\"children\":\"exampaper.com\"}]}],[\"$\",\"li\",\"exam-pass.com\",{\"children\":[\"$\",\"$L8\",null,{\"prefetch\":false,\"href\":\"/whois/exam-pass.com\",\"className\":\"text-blue-600 hover:underline\",\"children\":\"exam-pass.com\"}]}],[\"$\",\"li\",\"exampass.com\",{\"children\":[\"$\",\"$L8\",null,{\"prefetch\":false,\"href\":\"/whois/exampass.com\",\"className\":\"text-blue-600 hover:underline\",\"children\":\"exampass.com\"}]}],[\"$\",\"li\",\"exampasser.com\",{\"children\":[\"$\",\"$L8\",null,{\"prefetch\":false,\"href\":\"/whois/exampasser.com\",\"className\":\"text-blue-600 hover:underline\",\"children\":\"exampasser.com\"}]}]]}]]}]\n"])</script><script>self.__next_f.push([1,"24:Tcf8,"])</script><script>self.__next_f.push([1,"Domain Name: EXAMPLE.COM\r\n   Registry Domain ID: 2336799_DOMAIN_COM-VRSN\r\n   Registrar WHOIS Server: whois.iana.org\r\n   Registrar URL: http://res-dom.iana.org\r\n   Updated Date: 2026-01-16T18:26:50Z\r\n   Creation Date: 1995-08-14T04:00:00Z\r\n   Registry Expiry Date: 2026-08-13T04:00:00Z\r\n   Registrar: RESERVED-Internet Assigned Numbers Authority\r\n   Registrar IANA ID: 376\r\n   Registrar Abuse Contact Email:\r\n   Registrar Abuse Contact Phone:\r\n   Domain Status: clientDeleteProhibited https://icann.org/epp#clientDeleteProhibited\r\n   Domain Status: clientTransferProhibited https://icann.org/epp#clientTransferProhibited\r\n   Domain Status: clientUpdateProhibited https://icann.org/epp#clientUpdateProhibited\r\n   Name Server: ELLIOTT.NS.CLOUDFLARE.COM\r\n   Name Server: HERA.NS.CLOUDFLARE.COM\r\n   DNSSEC: signedDelegation\r\n   DNSSEC DS Data: 2371 13 2 C988EC423E3880EB8DD8A46FE06CA230EE23F35B578D64E78B29C3E1C83D245A\r\n   URL of the ICANN Whois Inaccuracy Complaint Form: https://www.icann.org/wicf/\r\n\u003e\u003e\u003e Last update of whois database: 2026-06-07T18:51:51Z \u003c\u003c\u003c\r\n\r\nFor more information on Whois status codes, please visit https://icann.org/epp\r\n\r\nNOTICE: The expiration date displayed in this record is the date the\r\nregistrar's sponsorship of the domain name registration in the registry is\r\ncurrently set to expire. This date does not necessarily reflect the expiration\r\ndate of the domain name registrant's agreement with the sponsoring\r\nregistrar.  Users may consult the sponsoring registrar's Whois database to\r\nview the registrar's reported date of expiration for this registration.\r\n\r\nTERMS OF USE: You are not authorized to access or query our Whois\r\ndatabase through the use of electronic processes that are high-volume and\r\nautomated except as reasonably necessary to register domain names or\r\nmodify existing registrations; the Data in VeriSign Global Registry\r\nServices' (\"VeriSign\") Whois database is provided by VeriSign for\r\ninformation purposes only, and to assist persons in obtaining information\r\nabout or related to a domain name registration record. VeriSign does not\r\nguarantee its accuracy. By submitting a Whois query, you agree to abide\r\nby the following terms of use: You agree that you may use this Data only\r\nfor lawful purposes and that under no circumstances will you use this Data\r\nto: (1) allow, enable, or otherwise support the transmission of mass\r\nunsolicited, commercial advertising or solicitations via e-mail, telephone,\r\nor facsimile; or (2) enable high volume, automated, electronic processes\r\nthat apply to VeriSign (or its computer systems). The compilation,\r\nrepackaging, dissemination or other use of this Data is expressly\r\nprohibited without the prior written consent of VeriSign. You agree not to\r\nuse electronic processes that are automated and high-volume to access or\r\nquery the Whois database except as reasonably necessary to register\r\ndomain names or modify existing registrations. VeriSign reserves the right\r\nto restrict your access to the Whois database in its sole discretion to ensure\r\noperational stability.  VeriSign may restrict or terminate your access to the\r\nWhois database for failure to abide by these terms of use. VeriSign\r\nreserves the right to modify these terms at any time.\r\n\r\nThe Registry database contains ONLY .COM, .NET, .EDU domains and\r\nRegistrars."])</script><script>self.__next_f.push([1,"20:[\"$\",\"div\",null,{\"className\":\"bg-gray-50 rounded-lg shadow-sm p-6 border border-gray-200\",\"children\":[[\"$\",\"div\",null,{\"className\":\"flex justify-between items-center mb-4\",\"children\":[\"$\",\"h2\",null,{\"className\":\"text-xl font-semibold\",\"children\":\"Raw WHOIS Data\"}]}],[\"$\",\"p\",null,{\"className\":\"text-sm text-gray-500 mb-4\",\"children\":\"Raw WHOIS responses from registry and registrar servers.\"}],[\"$\",\"div\",null,{\"className\":\"space-y-4\",\"children\":[[\"$\",\"$L23\",null,{\"title\":\"Raw Registry WHOIS Data\",\"className\":\"mt-4\",\"children\":[\"$\",\"pre\",null,{\"className\":\"overflow-x-auto text-sm bg-white p-4 rounded border border-gray-100 font-mono whitespace-pre-wrap\",\"children\":\"$24\"}]}],\"$L25\",false]}]]}]\n"])</script><script>self.__next_f.push([1,"21:[\"$\",\"$L18\",null,{\"slot\":\"bottom-banner\",\"className\":\"my-8\"}]\n22:[\"$\",\"div\",null,{\"className\":\"bg-gray-50 rounded-lg shadow-sm p-6 border border-gray-200 mt-6\",\"children\":[[\"$\",\"h2\",null,{\"className\":\"text-xl font-semibold mb-4\",\"children\":\"About WHOIS\"}],[\"$\",\"div\",null,{\"className\":\"prose prose-sm text-gray-600\",\"children\":[[\"$\",\"p\",null,{\"children\":\"WHOIS is a query and response protocol used for querying databases that store registered users of Internet resources, including domain names and IP addresses.\"}],[\"$\",\"p\",null,{\"children\":\"The protocol provides essential information about domain ownership, administrative contacts, and technical details that are invaluable for domain management and security purposes.\"}]]}]]}]\n"])</script><script>self.__next_f.push([1,"25:[\"$\",\"$L23\",null,{\"title\":\"Raw Registrar WHOIS Data\",\"className\":\"mt-4\",\"children\":[\"$\",\"pre\",null,{\"className\":\"overflow-x-auto text-sm bg-white p-4 rounded border border-gray-100 font-mono whitespace-pre-wrap\",\"children\":\"% IANA WHOIS server\\n% for more information on IANA, visit http://www.iana.org\\n% This query returned 1 object\\n\\ndomain:       EXAMPLE.COM\\n\\norganisation: Internet Assigned Numbers Authority\\n\\ncreated:      1992-01-01\\nsource:       IANA\"}]}]\n"])</script></body></html> / 
SSL: valid=true expired=false protocols=4
HTTP: status=200 server=cloudflare
Directories: 0 found
Technologies: 2
GeoIP: Canada / Cloudflare, Inc.
Traceroute: 1 hops

Output saved to output/ directory
  - output/scan_result.json
  - output/scan_report.html
